2026-08-04 10:37:21 0 [Note] Starting MariaDB 10.4.32-MariaDB source revision c4143f909528e3fab0677a28631d10389354c491 as process 18592
2026-08-04 10:37:21 0 [Note] InnoDB: Mutexes and rw_locks use Windows interlocked functions
2026-08-04 10:37:21 0 [Note] InnoDB: Uses event mutexes
2026-08-04 10:37:21 0 [Note] InnoDB: Compressed tables use zlib 1.3
2026-08-04 10:37:21 0 [Note] InnoDB: Number of pools: 1
2026-08-04 10:37:21 0 [Note] InnoDB: Using SSE2 crc32 instructions
2026-08-04 10:37:21 0 [Note] InnoDB: Initializing buffer pool, total size = 16M, instances = 1, chunk size = 16M
2026-08-04 10:37:21 0 [Note] InnoDB: Completed initialization of buffer pool
2026-08-04 10:37:21 0 [Note] InnoDB: Starting crash recovery from checkpoint LSN=300288
2026-08-04 10:37:21 0 [Note] InnoDB: 128 out of 128 rollback segments are active.
2026-08-04 10:37:21 0 [Note] InnoDB: Removed temporary tablespace data file: "ibtmp1"
2026-08-04 10:37:21 0 [Note] InnoDB: Creating shared tablespace for temporary tables
2026-08-04 10:37:21 0 [Note] InnoDB: Setting file 'C:\xampp\mysql\data\ibtmp1' size to 12 MB. Physically writing the file full; Please wait ...
2026-08-04 10:37:21 0 [Note] InnoDB: File 'C:\xampp\mysql\data\ibtmp1' size is now 12 MB.
2026-08-04 10:37:21 0 [Note] InnoDB: Waiting for purge to start
2026-08-04 10:37:21 0 [Note] InnoDB: 10.4.32 started; log sequence number 300297; transaction id 170
2026-08-04 10:37:21 0 [Note] InnoDB: Loading buffer pool(s) from C:\xampp\mysql\data\ib_buffer_pool
2026-08-04 10:37:21 0 [Note] Plugin 'FEEDBACK' is disabled.
2026-08-04 10:37:21 0 [Note] InnoDB: Buffer pool(s) load completed at 260804 10:37:21
2026-08-04 10:37:21 0 [Note] Server socket created on IP: '::'.
2026-08-04 10:37:26 0 [Note] Starting MariaDB 10.4.32-MariaDB source revision c4143f909528e3fab0677a28631d10389354c491 as process 8388
2026-08-04 10:37:26 0 [Note] InnoDB: Mutexes and rw_locks use Windows interlocked functions
2026-08-04 10:37:26 0 [Note] InnoDB: Uses event mutexes
2026-08-04 10:37:26 0 [Note] InnoDB: Compressed tables use zlib 1.3
2026-08-04 10:37:26 0 [Note] InnoDB: Number of pools: 1
2026-08-04 10:37:26 0 [Note] InnoDB: Using SSE2 crc32 instructions
2026-08-04 10:37:26 0 [Note] InnoDB: Initializing buffer pool, total size = 16M, instances = 1, chunk size = 16M
2026-08-04 10:37:26 0 [Note] InnoDB: Completed initialization of buffer pool
2026-08-04 10:37:26 0 [Note] InnoDB: Starting crash recovery from checkpoint LSN=300288
2026-08-04 10:37:26 0 [Note] InnoDB: 128 out of 128 rollback segments are active.
2026-08-04 10:37:26 0 [Note] InnoDB: Removed temporary tablespace data file: "ibtmp1"
2026-08-04 10:37:26 0 [Note] InnoDB: Creating shared tablespace for temporary tables
2026-08-04 10:37:26 0 [Note] InnoDB: Setting file 'C:\xampp\mysql\data\ibtmp1' size to 12 MB. Physically writing the file full; Please wait ...
2026-08-04 10:37:26 0 [Note] InnoDB: File 'C:\xampp\mysql\data\ibtmp1' size is now 12 MB.
2026-08-04 10:37:26 0 [Note] InnoDB: Waiting for purge to start
2026-08-04 10:37:26 0 [Note] InnoDB: 10.4.32 started; log sequence number 300297; transaction id 170
2026-08-04 10:37:26 0 [Note] InnoDB: Loading buffer pool(s) from C:\xampp\mysql\data\ib_buffer_pool
2026-08-04 10:37:26 0 [Note] Plugin 'FEEDBACK' is disabled.
2026-08-04 10:37:26 0 [Note] InnoDB: Buffer pool(s) load completed at 260804 10:37:26
2026-08-04 10:37:26 0 [Note] Server socket created on IP: '::'.
2026-08-05 11:13:08 0 [Note] Starting MariaDB 10.4.32-MariaDB source revision c4143f909528e3fab0677a28631d10389354c491 as process 936
2026-08-05 11:13:08 0 [Note] InnoDB: Mutexes and rw_locks use Windows interlocked functions
2026-08-05 11:13:08 0 [Note] InnoDB: Uses event mutexes
2026-08-05 11:13:08 0 [Note] InnoDB: Compressed tables use zlib 1.3
2026-08-05 11:13:08 0 [Note] InnoDB: Number of pools: 1
2026-08-05 11:13:08 0 [Note] InnoDB: Using SSE2 crc32 instructions
2026-08-05 11:13:08 0 [Note] InnoDB: Initializing buffer pool, total size = 16M, instances = 1, chunk size = 16M
2026-08-05 11:13:08 0 [Note] InnoDB: Completed initialization of buffer pool
2026-08-05 11:13:08 0 [Note] InnoDB: Starting crash recovery from checkpoint LSN=331438
2026-08-05 11:13:09 0 [Note] InnoDB: 128 out of 128 rollback segments are active.
2026-08-05 11:13:09 0 [Note] InnoDB: Removed temporary tablespace data file: "ibtmp1"
2026-08-05 11:13:09 0 [Note] InnoDB: Creating shared tablespace for temporary tables
2026-08-05 11:13:09 0 [Note] InnoDB: Setting file 'C:\xampp\mysql\data\ibtmp1' size to 12 MB. Physically writing the file full; Please wait ...
2026-08-05 11:13:09 0 [Note] InnoDB: File 'C:\xampp\mysql\data\ibtmp1' size is now 12 MB.
2026-08-05 11:13:09 0 [Note] InnoDB: Waiting for purge to start
2026-08-05 11:13:09 0 [Note] InnoDB: 10.4.32 started; log sequence number 331447; transaction id 243
2026-08-05 11:13:09 0 [Note] InnoDB: Loading buffer pool(s) from C:\xampp\mysql\data\ib_buffer_pool
2026-08-05 11:13:09 0 [Note] Plugin 'FEEDBACK' is disabled.
2026-08-05 11:13:09 0 [Note] InnoDB: Buffer pool(s) load completed at 260805 11:13:09
2026-08-05 11:13:09 0 [Note] Server socket created on IP: '::'.
2026-08-07  9:18:55 0 [Note] Starting MariaDB 10.4.32-MariaDB source revision c4143f909528e3fab0677a28631d10389354c491 as process 20820
2026-08-07  9:18:55 0 [Note] InnoDB: Mutexes and rw_locks use Windows interlocked functions
2026-08-07  9:18:55 0 [Note] InnoDB: Uses event mutexes
2026-08-07  9:18:55 0 [Note] InnoDB: Compressed tables use zlib 1.3
2026-08-07  9:18:55 0 [Note] InnoDB: Number of pools: 1
2026-08-07  9:18:55 0 [Note] InnoDB: Using SSE2 crc32 instructions
2026-08-07  9:18:55 0 [Note] InnoDB: Initializing buffer pool, total size = 16M, instances = 1, chunk size = 16M
2026-08-07  9:18:55 0 [Note] InnoDB: Completed initialization of buffer pool
2026-08-07  9:18:55 0 [Note] InnoDB: Starting crash recovery from checkpoint LSN=332715
2026-08-07  9:18:55 0 [Note] InnoDB: 128 out of 128 rollback segments are active.
2026-08-07  9:18:55 0 [Note] InnoDB: Removed temporary tablespace data file: "ibtmp1"
2026-08-07  9:18:55 0 [Note] InnoDB: Creating shared tablespace for temporary tables
2026-08-07  9:18:55 0 [Note] InnoDB: Setting file 'C:\xampp\mysql\data\ibtmp1' size to 12 MB. Physically writing the file full; Please wait ...
2026-08-07  9:18:55 0 [Note] InnoDB: File 'C:\xampp\mysql\data\ibtmp1' size is now 12 MB.
2026-08-07  9:18:55 0 [Note] InnoDB: Waiting for purge to start
2026-08-07  9:18:55 0 [Note] InnoDB: 10.4.32 started; log sequence number 332724; transaction id 274
2026-08-07  9:18:55 0 [Note] InnoDB: Loading buffer pool(s) from C:\xampp\mysql\data\ib_buffer_pool
2026-08-07  9:18:55 0 [Note] Plugin 'FEEDBACK' is disabled.
2026-08-07  9:18:55 0 [Note] InnoDB: Buffer pool(s) load completed at 260807  9:18:55
2026-08-07  9:18:55 0 [Note] Server socket created on IP: '::'.
2026-08-11  9:17:23 0 [Note] Starting MariaDB 10.4.32-MariaDB source revision c4143f909528e3fab0677a28631d10389354c491 as process 5832
2026-08-11  9:17:23 0 [Note] InnoDB: Mutexes and rw_locks use Windows interlocked functions
2026-08-11  9:17:23 0 [Note] InnoDB: Uses event mutexes
2026-08-11  9:17:23 0 [Note] InnoDB: Compressed tables use zlib 1.3
2026-08-11  9:17:23 0 [Note] InnoDB: Number of pools: 1
2026-08-11  9:17:23 0 [Note] InnoDB: Using SSE2 crc32 instructions
2026-08-11  9:17:23 0 [Note] InnoDB: Initializing buffer pool, total size = 16M, instances = 1, chunk size = 16M
2026-08-11  9:17:23 0 [Note] InnoDB: Completed initialization of buffer pool
2026-08-11  9:17:23 0 [Note] InnoDB: Starting crash recovery from checkpoint LSN=416061
2026-08-11  9:17:23 0 [Note] InnoDB: 128 out of 128 rollback segments are active.
2026-08-11  9:17:23 0 [Note] InnoDB: Removed temporary tablespace data file: "ibtmp1"
2026-08-11  9:17:23 0 [Note] InnoDB: Creating shared tablespace for temporary tables
2026-08-11  9:17:23 0 [Note] InnoDB: Setting file 'C:\xampp\mysql\data\ibtmp1' size to 12 MB. Physically writing the file full; Please wait ...
2026-08-11  9:17:23 0 [Note] InnoDB: File 'C:\xampp\mysql\data\ibtmp1' size is now 12 MB.
2026-08-11  9:17:23 0 [Note] InnoDB: Waiting for purge to start
2026-08-11  9:17:23 0 [Note] InnoDB: 10.4.32 started; log sequence number 416070; transaction id 461
2026-08-11  9:17:23 0 [Note] InnoDB: Loading buffer pool(s) from C:\xampp\mysql\data\ib_buffer_pool
2026-08-11  9:17:23 0 [Note] Plugin 'FEEDBACK' is disabled.
2026-08-11  9:17:23 0 [Note] InnoDB: Buffer pool(s) load completed at 260811  9:17:23
2026-08-11  9:17:23 0 [Note] Server socket created on IP: '::'.
2026-08-11  9:21:34 0 [Note] Starting MariaDB 10.4.32-MariaDB source revision c4143f909528e3fab0677a28631d10389354c491 as process 7872
2026-08-11  9:21:34 0 [Note] InnoDB: Mutexes and rw_locks use Windows interlocked functions
2026-08-11  9:21:34 0 [Note] InnoDB: Uses event mutexes
2026-08-11  9:21:34 0 [Note] InnoDB: Compressed tables use zlib 1.3
2026-08-11  9:21:34 0 [Note] InnoDB: Number of pools: 1
2026-08-11  9:21:34 0 [Note] InnoDB: Using SSE2 crc32 instructions
2026-08-11  9:21:34 0 [Note] InnoDB: Initializing buffer pool, total size = 16M, instances = 1, chunk size = 16M
2026-08-11  9:21:34 0 [Note] InnoDB: Completed initialization of buffer pool
2026-08-11  9:21:34 0 [Note] InnoDB: Starting crash recovery from checkpoint LSN=416079
2026-08-11  9:21:34 0 [Note] InnoDB: Starting final batch to recover 2 pages from redo log.
2026-08-11  9:21:35 0 [Note] InnoDB: 128 out of 128 rollback segments are active.
2026-08-11  9:21:35 0 [Note] InnoDB: Removed temporary tablespace data file: "ibtmp1"
2026-08-11  9:21:35 0 [Note] InnoDB: Creating shared tablespace for temporary tables
2026-08-11  9:21:35 0 [Note] InnoDB: Setting file 'C:\xampp\mysql\data\ibtmp1' size to 12 MB. Physically writing the file full; Please wait ...
2026-08-11  9:21:35 0 [Note] InnoDB: File 'C:\xampp\mysql\data\ibtmp1' size is now 12 MB.
2026-08-11  9:21:35 0 [Note] InnoDB: Waiting for purge to start
2026-08-11  9:21:35 0 [Note] InnoDB: 10.4.32 started; log sequence number 416394; transaction id 468
2026-08-11  9:21:35 0 [Note] InnoDB: Loading buffer pool(s) from C:\xampp\mysql\data\ib_buffer_pool
2026-08-11  9:21:35 0 [Note] Plugin 'FEEDBACK' is disabled.
2026-08-11  9:21:35 0 [Note] InnoDB: Buffer pool(s) load completed at 260811  9:21:35
2026-08-11  9:21:35 0 [Note] Server socket created on IP: '::'.
2026-08-11  9:23:19 0 [Note] Starting MariaDB 10.4.32-MariaDB source revision c4143f909528e3fab0677a28631d10389354c491 as process 8924
2026-08-11  9:23:19 0 [Note] InnoDB: Mutexes and rw_locks use Windows interlocked functions
2026-08-11  9:23:19 0 [Note] InnoDB: Uses event mutexes
2026-08-11  9:23:19 0 [Note] InnoDB: Compressed tables use zlib 1.3
2026-08-11  9:23:19 0 [Note] InnoDB: Number of pools: 1
2026-08-11  9:23:19 0 [Note] InnoDB: Using SSE2 crc32 instructions
2026-08-11  9:23:19 0 [Note] InnoDB: Initializing buffer pool, total size = 16M, instances = 1, chunk size = 16M
2026-08-11  9:23:19 0 [Note] InnoDB: Completed initialization of buffer pool
2026-08-11  9:23:19 0 [Note] InnoDB: 128 out of 128 rollback segments are active.
2026-08-11  9:23:19 0 [Note] InnoDB: Creating shared tablespace for temporary tables
2026-08-11  9:23:19 0 [Note] InnoDB: Setting file 'C:\xampp\mysql\data\ibtmp1' size to 12 MB. Physically writing the file full; Please wait ...
2026-08-11  9:23:19 0 [Note] InnoDB: File 'C:\xampp\mysql\data\ibtmp1' size is now 12 MB.
2026-08-11  9:23:19 0 [Note] InnoDB: Waiting for purge to start
2026-08-11  9:23:19 0 [Note] InnoDB: 10.4.32 started; log sequence number 416494; transaction id 468
2026-08-11  9:23:19 0 [Note] InnoDB: Loading buffer pool(s) from C:\xampp\mysql\data\ib_buffer_pool
2026-08-11  9:23:19 0 [Note] Plugin 'FEEDBACK' is disabled.
2026-08-11  9:23:19 0 [Note] InnoDB: Buffer pool(s) load completed at 260811  9:23:19
2026-08-11  9:23:19 0 [Note] Server socket created on IP: '::'.
2026-08-11  9:33:48 0 [Note] Starting MariaDB 10.4.32-MariaDB source revision c4143f909528e3fab0677a28631d10389354c491 as process 9436
2026-08-11  9:33:48 0 [Note] InnoDB: Mutexes and rw_locks use Windows interlocked functions
2026-08-11  9:33:48 0 [Note] InnoDB: Uses event mutexes
2026-08-11  9:33:48 0 [Note] InnoDB: Compressed tables use zlib 1.3
2026-08-11  9:33:48 0 [Note] InnoDB: Number of pools: 1
2026-08-11  9:33:48 0 [Note] InnoDB: Using SSE2 crc32 instructions
2026-08-11  9:33:48 0 [Note] InnoDB: Initializing buffer pool, total size = 16M, instances = 1, chunk size = 16M
2026-08-11  9:33:48 0 [Note] InnoDB: Completed initialization of buffer pool
2026-08-11  9:33:48 0 [Note] InnoDB: 128 out of 128 rollback segments are active.
2026-08-11  9:33:48 0 [Note] InnoDB: Creating shared tablespace for temporary tables
2026-08-11  9:33:48 0 [Note] InnoDB: Setting file 'C:\xampp\mysql\data\ibtmp1' size to 12 MB. Physically writing the file full; Please wait ...
2026-08-11  9:33:48 0 [Note] InnoDB: File 'C:\xampp\mysql\data\ibtmp1' size is now 12 MB.
2026-08-11  9:33:48 0 [Note] InnoDB: Waiting for purge to start
2026-08-11  9:33:48 0 [Note] InnoDB: 10.4.32 started; log sequence number 416512; transaction id 468
2026-08-11  9:33:48 0 [Note] InnoDB: Loading buffer pool(s) from C:\xampp\mysql\data\ib_buffer_pool
2026-08-11  9:33:48 0 [Note] Plugin 'FEEDBACK' is disabled.
2026-08-11  9:33:48 0 [Note] InnoDB: Buffer pool(s) load completed at 260811  9:33:48
2026-08-11  9:33:48 0 [Note] Server socket created on IP: '::'.
2026-08-11  9:36:36 0 [Note] Starting MariaDB 10.4.32-MariaDB source revision c4143f909528e3fab0677a28631d10389354c491 as process 13624
2026-08-11  9:36:36 0 [Note] InnoDB: Mutexes and rw_locks use Windows interlocked functions
2026-08-11  9:36:36 0 [Note] InnoDB: Uses event mutexes
2026-08-11  9:36:36 0 [Note] InnoDB: Compressed tables use zlib 1.3
2026-08-11  9:36:36 0 [Note] InnoDB: Number of pools: 1
2026-08-11  9:36:36 0 [Note] InnoDB: Using SSE2 crc32 instructions
2026-08-11  9:36:36 0 [Note] InnoDB: Initializing buffer pool, total size = 16M, instances = 1, chunk size = 16M
2026-08-11  9:36:36 0 [Note] InnoDB: Completed initialization of buffer pool
2026-08-11  9:36:36 0 [Note] InnoDB: 128 out of 128 rollback segments are active.
2026-08-11  9:36:36 0 [Note] InnoDB: Removed temporary tablespace data file: "ibtmp1"
2026-08-11  9:36:36 0 [Note] InnoDB: Creating shared tablespace for temporary tables
2026-08-11  9:36:36 0 [Note] InnoDB: Setting file 'C:\xampp\mysql\data\ibtmp1' size to 12 MB. Physically writing the file full; Please wait ...
2026-08-11  9:36:36 0 [Note] InnoDB: File 'C:\xampp\mysql\data\ibtmp1' size is now 12 MB.
2026-08-11  9:36:36 0 [Note] InnoDB: Waiting for purge to start
2026-08-11  9:36:37 0 [Note] InnoDB: 10.4.32 started; log sequence number 416521; transaction id 468
2026-08-11  9:36:37 0 [Note] InnoDB: Loading buffer pool(s) from C:\xampp\mysql\data\ib_buffer_pool
2026-08-11  9:36:37 0 [Note] Plugin 'FEEDBACK' is disabled.
2026-08-11  9:36:37 0 [Note] InnoDB: Buffer pool(s) load completed at 260811  9:36:37
2026-08-11  9:36:37 0 [Note] Server socket created on IP: '::'.
2026-08-11  9:36:43 0 [Note] Starting MariaDB 10.4.32-MariaDB source revision c4143f909528e3fab0677a28631d10389354c491 as process 7924
2026-08-11  9:36:43 0 [Note] InnoDB: Mutexes and rw_locks use Windows interlocked functions
2026-08-11  9:36:43 0 [Note] InnoDB: Uses event mutexes
2026-08-11  9:36:43 0 [Note] InnoDB: Compressed tables use zlib 1.3
2026-08-11  9:36:43 0 [Note] InnoDB: Number of pools: 1
2026-08-11  9:36:43 0 [Note] InnoDB: Using SSE2 crc32 instructions
2026-08-11  9:36:43 0 [Note] InnoDB: Initializing buffer pool, total size = 16M, instances = 1, chunk size = 16M
2026-08-11  9:36:43 0 [Note] InnoDB: Completed initialization of buffer pool
2026-08-11  9:36:43 0 [Note] InnoDB: 128 out of 128 rollback segments are active.
2026-08-11  9:36:43 0 [Note] InnoDB: Creating shared tablespace for temporary tables
2026-08-11  9:36:43 0 [Note] InnoDB: Setting file 'C:\xampp\mysql\data\ibtmp1' size to 12 MB. Physically writing the file full; Please wait ...
2026-08-11  9:36:43 0 [Note] InnoDB: File 'C:\xampp\mysql\data\ibtmp1' size is now 12 MB.
2026-08-11  9:36:43 0 [Note] InnoDB: Waiting for purge to start
2026-08-11  9:36:43 0 [Note] InnoDB: 10.4.32 started; log sequence number 416530; transaction id 468
2026-08-11  9:36:43 0 [Note] InnoDB: Loading buffer pool(s) from C:\xampp\mysql\data\ib_buffer_pool
2026-08-11  9:36:43 0 [Note] Plugin 'FEEDBACK' is disabled.
2026-08-11  9:36:43 0 [Note] InnoDB: Buffer pool(s) load completed at 260811  9:36:43
2026-08-11  9:36:43 0 [Note] Server socket created on IP: '::'.
2026-08-11  9:41:03 0 [Note] Starting MariaDB 10.4.32-MariaDB source revision c4143f909528e3fab0677a28631d10389354c491 as process 15672
2026-08-11  9:41:03 0 [Note] InnoDB: Mutexes and rw_locks use Windows interlocked functions
2026-08-11  9:41:03 0 [Note] InnoDB: Uses event mutexes
2026-08-11  9:41:03 0 [Note] InnoDB: Compressed tables use zlib 1.3
2026-08-11  9:41:03 0 [Note] InnoDB: Number of pools: 1
2026-08-11  9:41:03 0 [Note] InnoDB: Using SSE2 crc32 instructions
2026-08-11  9:41:03 0 [Note] InnoDB: Initializing buffer pool, total size = 16M, instances = 1, chunk size = 16M
2026-08-11  9:41:03 0 [Note] InnoDB: Completed initialization of buffer pool
2026-08-11  9:41:03 0 [Note] InnoDB: 128 out of 128 rollback segments are active.
2026-08-11  9:41:03 0 [Note] InnoDB: Removed temporary tablespace data file: "ibtmp1"
2026-08-11  9:41:03 0 [Note] InnoDB: Creating shared tablespace for temporary tables
2026-08-11  9:41:03 0 [Note] InnoDB: Setting file 'C:\xampp\mysql\data\ibtmp1' size to 12 MB. Physically writing the file full; Please wait ...
2026-08-11  9:41:03 0 [Note] InnoDB: File 'C:\xampp\mysql\data\ibtmp1' size is now 12 MB.
2026-08-11  9:41:03 0 [Note] InnoDB: Waiting for purge to start
2026-08-11  9:41:04 0 [Note] InnoDB: 10.4.32 started; log sequence number 416530; transaction id 468
2026-08-11  9:41:04 0 [Note] InnoDB: Loading buffer pool(s) from C:\xampp\mysql\data\ib_buffer_pool
2026-08-11  9:41:04 0 [Note] Plugin 'FEEDBACK' is disabled.
2026-08-11  9:41:04 0 [Note] InnoDB: Buffer pool(s) load completed at 260811  9:41:04
2026-08-11  9:41:04 0 [Note] Server socket created on IP: '::'.
2026-08-11  9:43:16 0 [Note] Starting MariaDB 10.4.32-MariaDB source revision c4143f909528e3fab0677a28631d10389354c491 as process 19556
2026-08-11  9:43:16 0 [Note] InnoDB: Mutexes and rw_locks use Windows interlocked functions
2026-08-11  9:43:16 0 [Note] InnoDB: Uses event mutexes
2026-08-11  9:43:16 0 [Note] InnoDB: Compressed tables use zlib 1.3
2026-08-11  9:43:16 0 [Note] InnoDB: Number of pools: 1
2026-08-11  9:43:16 0 [Note] InnoDB: Using SSE2 crc32 instructions
2026-08-11  9:43:16 0 [Note] InnoDB: Initializing buffer pool, total size = 16M, instances = 1, chunk size = 16M
2026-08-11  9:43:16 0 [Note] InnoDB: Completed initialization of buffer pool
2026-08-11  9:43:16 0 [Note] InnoDB: 128 out of 128 rollback segments are active.
2026-08-11  9:43:16 0 [Note] InnoDB: Creating shared tablespace for temporary tables
2026-08-11  9:43:16 0 [Note] InnoDB: Setting file 'C:\xampp\mysql\data\ibtmp1' size to 12 MB. Physically writing the file full; Please wait ...
2026-08-11  9:43:16 0 [Note] InnoDB: File 'C:\xampp\mysql\data\ibtmp1' size is now 12 MB.
2026-08-11  9:43:16 0 [Note] InnoDB: Waiting for purge to start
2026-08-11  9:43:16 0 [Note] InnoDB: 10.4.32 started; log sequence number 416539; transaction id 468
2026-08-11  9:43:16 0 [Note] InnoDB: Loading buffer pool(s) from C:\xampp\mysql\data\ib_buffer_pool
2026-08-11  9:43:16 0 [Note] Plugin 'FEEDBACK' is disabled.
2026-08-11  9:43:16 0 [Note] InnoDB: Buffer pool(s) load completed at 260811  9:43:16
2026-08-11  9:43:16 0 [Note] Server socket created on IP: '::'.
2026-08-11  9:46:31 0 [Note] Starting MariaDB 10.4.32-MariaDB source revision c4143f909528e3fab0677a28631d10389354c491 as process 9744
2026-08-11  9:46:31 0 [Note] InnoDB: Mutexes and rw_locks use Windows interlocked functions
2026-08-11  9:46:31 0 [Note] InnoDB: Uses event mutexes
2026-08-11  9:46:31 0 [Note] InnoDB: Compressed tables use zlib 1.3
2026-08-11  9:46:31 0 [Note] InnoDB: Number of pools: 1
2026-08-11  9:46:31 0 [Note] InnoDB: Using SSE2 crc32 instructions
2026-08-11  9:46:31 0 [Note] InnoDB: Initializing buffer pool, total size = 16M, instances = 1, chunk size = 16M
2026-08-11  9:46:31 0 [Note] InnoDB: Completed initialization of buffer pool
2026-08-11  9:46:31 0 [Note] InnoDB: 128 out of 128 rollback segments are active.
2026-08-11  9:46:31 0 [Note] InnoDB: Creating shared tablespace for temporary tables
2026-08-11  9:46:31 0 [Note] InnoDB: Setting file 'C:\xampp\mysql\data\ibtmp1' size to 12 MB. Physically writing the file full; Please wait ...
2026-08-11  9:46:31 0 [Note] InnoDB: File 'C:\xampp\mysql\data\ibtmp1' size is now 12 MB.
2026-08-11  9:46:31 0 [Note] InnoDB: Waiting for purge to start
2026-08-11  9:46:31 0 [Note] InnoDB: 10.4.32 started; log sequence number 416566; transaction id 468
2026-08-11  9:46:31 0 [Note] InnoDB: Loading buffer pool(s) from C:\xampp\mysql\data\ib_buffer_pool
2026-08-11  9:46:31 0 [Note] Plugin 'FEEDBACK' is disabled.
2026-08-11  9:46:31 0 [Note] InnoDB: Buffer pool(s) load completed at 260811  9:46:31
2026-08-11  9:46:31 0 [Note] Server socket created on IP: '::'.
